[2026-09-25 10:50:52] Admin login failed - Email: shaid@gmail.com
[2026-09-25 10:53:38] Admin login failed - Email: ss
[2026-09-25 11:09:25] Admin login successful - Email: admin@gmail.com
[2026-09-25 11:18:12] Admin login successful - Email: admin@gmail.com
[2026-09-25 11:21:10] Admin login failed - Email: asm
[2026-09-25 11:31:17] Admin login successful - Email: admin@gmail.com
[2026-09-25 13:53:47] Admin login failed - Email: Admin123
[2026-09-25 13:54:43] Admin login successful - Email: admin@gmail.com
[2026-09-25 13:57:31] Admin login successful - Email: admin@gmail.com
[2026-09-25 14:09:36] Admin login successful - Email: admin@gmail.com
[2026-09-25 14:11:49] Admin login successful - Email: admin@gmail.com
[2026-09-25 14:32:13] Admin login successful - Email: admin@gmail.com
[2026-09-25 14:58:52] Admin login successful - Email: admin@gmail.com
[2026-09-25 15:12:48] Admin login successful - Email: admin@gmail.com
[2026-09-25 16:39:32] Admin login successful - Email: admin@gmail.com
[2026-09-25 17:44:14] Admin login successful - Email: admin@gmail.com
[2026-09-25 18:02:23] Admin login successful - Email: admin@gmail.com
[2026-09-25 23:13:32] Admin login successful - Email: admin@gmail.com
[2026-09-25 23:19:45] Admin login successful - Email: admin@gmail.com
[2026-09-25 23:20:38] Admin login successful - Email: admin@gmail.com
[2026-09-25 23:29:33] Admin login successful - Email: admin@gmail.com
[2026-09-25 23:51:37] Admin login successful - Email: admin@gmail.com
[2026-09-25 23:52:51] Admin login successful - Email: admin@gmail.com
[2026-09-25 23:53:33] Admin login successful - Email: admin@gmail.com
[2026-09-25 23:55:15] Admin login successful - Email: admin@gmail.com
[2026-09-26 10:35:22] Admin login successful - Email: admin@gmail.com
[2026-09-26 11:34:33] Admin login successful - Email: admin@gmail.com
[2026-09-26 11:51:16] Admin login successful - Email: admin@gmail.com
[2026-09-26 13:43:46] Admin login successful - Email: admin@gmail.com
[2026-09-26 15:44:46] Admin login failed - Email: shahid@gmail.com
[2026-09-26 15:47:41] Admin login successful - Email: admin@gmail.com
[2026-09-27 10:51:33] Admin login failed - Email: admin123
[2026-09-27 10:51:51] Admin login successful - Email: admin@gmail.com
[2026-09-27 11:35:48] Admin login failed - Email: shahid@gmail.com
[2026-09-27 11:36:22] Admin login successful - Email: admin@gmail.com
[2026-09-27 21:10:19] Admin login successful - Email: admin@gmail.com
[2026-09-27 21:19:19] Admin login successful - Email: admin@gmail.com
[2026-09-27 21:36:38] Admin login successful - Email: admin@gmail.com
[2026-09-28 11:14:04] Admin login successful - Email: admin@gmail.com
[2026-09-28 11:54:07] Admin login failed - Email: admingmail.com
2026-09-29 10:33:37 - Admin login successful - admin@gmail.com
2026-09-29 10:34:06 - Admin login failed - shahid@gmail.com
2026-09-29 11:00:52 - Admin login successful - admin@gmail.com
2026-09-29 12:23:35 - Admin login successful - admin@gmail.com
2026-09-29 12:26:30 - Admin login successful - admin@gmail.com
2026-09-29 12:27:10 - Admin login successful - admin@gmail.com
2026-09-29 12:29:16 - Admin login successful - admin@gmail.com
2026-09-29 13:20:45 - Admin login failed - admin@gmail.com
2026-09-29 14:15:37 - Admin login successful - admin@gmail.com
2026-09-29 15:07:58 - Admin login successful - admin@gmail.com
2026-09-30 10:59:45 - Admin login successful - admin@gmail.com
2026-09-30 11:15:13 - Admin login successful - admin@gmail.com
2026-09-30 11:34:04 - Admin login successful - admin@gmail.com
2026-09-30 11:37:58 - Admin login successful - admin@gmail.com
2026-09-30 11:46:15 - Admin login successful - admin@gmail.com
2026-09-30 11:59:36 - Admin login successful - admin@gmail.com
2026-09-30 12:53:57 - Admin login successful - admin@gmail.com
2026-09-30 14:23:53 - Admin login successful - admin@gmail.com
2026-09-30 14:43:35 - Admin login successful - admin@gmail.com
2026-09-30 14:58:49 - Admin login successful - admin@gmail.com
2026-09-30 22:40:54 - Admin login successful - admin@gmail.com
2026-09-30 22:50:19 - Admin login successful: admin@gmail.com
2026-09-30 22:58:52 - Admin login successful: admin@gmail.com
2026-09-30 23:01:18 - Admin login successful: admin@gmail.com
2026-09-30 23:33:17 - Admin login successful: admin@gmail.com
2026-10-01 10:36:17 - Admin login failed: admin@gmail.com
2026-10-01 10:36:48 - Admin login successful: admin@gmail.com
2026-10-01 10:37:53 - Admin login failed: admin123
2026-10-01 10:38:39 - Admin login successful: admin@gmail.com
2026-10-01 11:05:35 - Admin login successful: admin@gmail.com
2026-10-01 11:23:34 - Admin login successful: admin@gmail.com
2026-10-01 12:29:30 - Admin login successful: admin@gmail.com
2026-10-01 12:30:53 - Admin login successful: admin@gmail.com
2026-10-01 12:32:14 - Admin login successful: admin@gmail.com
2026-10-01 13:00:45 - Admin login successful: admin@gmail.com
2026-10-01 14:06:21 - Admin login successful: admin@gmail.com
2026-10-01 14:15:26 - Admin login successful: admin@gmail.com
2026-10-01 15:49:56 - Admin login successful: admin@gmail.com
2026-10-01 22:23:02 - Admin login successful: admin@gmail.com
2026-10-01 22:27:28 - Admin login successful: admin@gmail.com
2026-10-01 22:38:19 - Admin login successful: admin@gmail.com
2026-10-01 22:40:33 - Admin login successful: admin@gmail.com
2026-10-02 10:25:01 - Admin login successful: admin@gmail.com
2026-10-02 10:46:36 - Admin login successful: admin@gmail.com
2026-10-02 10:51:01 - Admin login successful: admin@gmail.com
2026-10-02 11:04:21 - Admin login successful: admin@gmail.com
2026-10-02 11:04:59 - Admin login failed: admin123
2026-10-02 11:05:14 - Admin login successful: admin@gmail.com
2026-10-02 11:57:01 - Admin login successful: admin@gmail.com
2026-10-02 11:58:43 - Admin login successful: admin@gmail.com
2026-10-02 12:01:08 - Admin login successful: admin@gmail.com
2026-10-02 12:05:31 - Admin login failed: admin@gmail.com
2026-10-02 12:05:48 - Admin login successful: admin@gmail.com
2026-10-02 12:09:03 - Admin login successful: admin@gmail.com
2026-10-02 12:26:01 - Admin login successful: admin@gmail.com
2026-10-02 12:27:18 - Admin login failed: admin@gmail.com
2026-10-02 12:27:34 - Admin login successful: admin@gmail.com
2026-10-02 13:49:23 - Admin login successful: admin@gmail.com
2026-10-02 14:00:42 - Admin login successful: admin@gmail.com
2026-10-02 14:12:08 - Admin login successful: admin@gmail.com
2026-10-02 14:13:03 - Admin login successful: admin@gmail.com
2026-10-02 14:15:18 - Admin login successful: admin@gmail.com
2026-10-02 14:16:55 - Admin login successful: admin@gmail.com
2026-10-02 14:20:29 - Admin login successful: admin@gmail.com
2026-10-02 14:21:53 - Admin login successful: admin@gmail.com
2026-10-02 14:24:36 - Admin login successful: admin@gmail.com
2026-10-02 14:53:41 - Admin login successful: admin@gmail.com
2026-10-02 17:50:42 - Admin login successful: admin@gmail.com
2026-10-02 17:57:46 - Admin login successful: admin@gmail.com
2026-10-02 20:54:16 - Admin login successful: admin@gmail.com
2026-10-02 20:58:56 - Admin login successful: admin@gmail.com
2026-10-02 21:01:17 - Admin login successful: admin@gmail.com
2026-10-02 21:14:40 - Admin login successful: admin@gmail.com
2026-10-02 21:21:06 - Admin login successful: admin@gmail.com
2026-10-02 21:23:54 - Admin login successful: admin@gmail.com
2026-10-02 21:35:34 - Admin login successful: admin@gmail.com
2026-10-04 22:11:41 - Admin login successful: admin@gmail.com
2026-10-05 10:52:37 - Admin login successful: admin@gmail.com
2026-10-05 10:56:57 - Admin login successful: admin@gmail.com
2026-10-05 12:29:07 - Admin login successful: admin@gmail.com
2026-10-05 14:31:25 - Admin login successful: admin@gmail.com
2026-10-05 23:36:41 - Admin login successful: admin@gmail.com
2026-10-05 23:38:10 - Admin login successful: admin@gmail.com
2026-10-05 23:40:51 - Admin login successful: admin@gmail.com
2026-10-06 10:34:23 - Admin login successful: admin@gmail.com
2026-10-06 10:43:46 - Admin login successful: admin@gmail.com
2026-10-06 10:46:39 - Admin login failed: admin@gmail.com
2026-10-06 10:46:53 - Admin login successful: shahid@gmail.com
2026-10-06 15:02:53 - Admin login successful: shahid@gmail.com
2026-10-07 10:17:32 - Admin login successful: shahid@gmail.com
2026-10-07 11:01:51 - Admin login successful: shahid@gmail.com
2026-10-07 11:36:27 - Admin login successful: shahid@gmail.com
