[2026-09-24 14:04:48] Staff signup successful - Name: shahid, Email: shahid@gmail.com
[2026-09-24 14:05:57] Staff login failed - Email: shahid@gmail.com
[2026-09-24 14:06:59] Staff login successful - Email: shahid@gmail.com
[2026-09-24 14:27:13] Staff signup successful - Name: danish, Email: danish@gmail.com
[2026-09-24 14:27:55] Staff login successful - Email: bhi@gmail.com
[2026-09-25 10:53:59] Staff login failed - Email: shhaid
[2026-09-25 10:56:53] Staff login failed - Email: shahid@gmail.com
[2026-09-25 10:57:07] Staff login successful - Email: shahid@gmail.com
[2026-09-25 11:10:16] Staff login successful - Email: shahid@gmail.com
[2026-09-25 11:13:14] Staff login successful - Email: shahid@gmail.com
[2026-09-25 11:19:01] Staff login failed - Email: shahid
[2026-09-25 11:19:23] Staff login successful - Email: shahid@gmail.com
[2026-09-25 11:26:42] Staff login successful - Email: shahid@gmail.com
[2026-09-25 11:30:09] Staff login successful - Email: shahid@gmail.com
[2026-09-25 11:36:53] Staff login successful - Email: shahid@gmail.com
[2026-09-25 11:46:50] Staff login successful - Email: shahid@gmail.com
[2026-09-25 11:49:47] Staff login failed - Email: shahid
[2026-09-25 11:50:10] Staff login successful - Email: shahid@gmail.com
[2026-09-28 12:06:17] Login failed - Email: dbhcbdcdc
[2026-09-28 12:06:49] Login failed - Email: shhaid@gmail.com
[2026-09-28 13:30:53] Login failed - Email: shahid2
[2026-09-28 13:59:50] Login successful - Email: shahid@gmail.com, User ID: 2139731257
[2026-09-28 15:11:51] Signup successful - Staff registered - Email: hhhhh@gmail.com, User ID: 7997935322
[2026-09-28 15:12:26] Login successful - Email: shahid@gmail.com, User ID: 2139731257
[2026-09-28 16:53:33] Signup successful - Staff registered - Email: abc@gmail.com, User ID: 7304327085
[2026-09-28 16:54:18] Login successful - Email: abc@gmail.com, User ID: 7304327085
[2026-09-28 17:05:11] Login successful - Email: abc@gmail.com, User ID: 7304327085
[2026-09-28 22:56:42] Login successful - Email: shahid@gmail.com, User ID: 2139731257
[2026-09-28 23:05:11] Login successful - Email: shahid@gmail.com, User ID: 2139731257
[2026-09-28 23:11:01] Login successful - Email: shahid@gmail.com, User ID: 2139731257
[2026-09-28 23:12:10] Login successful - Email: shahid@gmail.com, User ID: 2139731257
[2026-09-28 23:15:32] Login successful - Email: shahid@gmail.com, User ID: 2139731257
[2026-09-29 10:35:09] Login successful - Email: shahid@gmail.com, User ID: 2139731257
[2026-09-29 11:08:12] Login successful - Email: shahid@gmail.com, User ID: 2139731257
[2026-09-29 12:51:15] Login successful - Email: shahid@gmail.com, User ID: 2139731257
[2026-09-29 13:21:45] Signup failed - Invalid email: Shahid123
[2026-09-29 13:22:07] Login successful - Email: shahid@gmail.com, User ID: 2139731257
[2026-09-30 11:27:48] Login successful - Email: shahid@gmail.com, User ID: 2139731257
[2026-09-30 11:55:39] Login successful - Email: shahid@gmail.com, User ID: 2139731257
[2026-09-30 12:33:51] Login successful - Email: shahid@gmail.com, User ID: 2139731257
[2026-09-30 12:46:05] Login successful - Email: shahid@gmail.com, User ID: 2139731257
[2026-09-30 12:47:01] Login successful - Email: shahid@gmail.com, User ID: 2139731257
[2026-09-30 12:54:26] Login successful - Email: shahid@gmail.com, User ID: 2139731257
[2026-09-30 13:00:45] Login successful - Email: shahid@gmail.com, User ID: 2139731257
[2026-09-30 13:28:57] Login successful - Email: shahid@gmail.com, User ID: 2139731257
[2026-09-30 15:02:19] Login failed - Email: shahid@gmail.com
[2026-09-30 15:02:34] Login successful - Email: shahid@gmail.com, User ID: 2139731257
2026-10-01 11:23:58 - Staff created: 8386808468 - danish@gmail.com
2026-10-01 11:26:04 - Staff created: 6327094778 - shahid@gmail.com
2026-10-01 11:26:58 - Staff updated: 6327094778
2026-10-01 11:27:33 - Staff deleted: 8386808468
2026-10-01 12:23:13 - Staff login successful: 6327094778 - shahid@gmail.com
2026-10-01 14:07:59 - Staff login successful: 6327094778 - shahid@gmail.com
2026-10-01 15:11:48 - Staff login successful: 6327094778 - shahid@gmail.com
2026-10-01 15:50:35 - Staff created: 5956649572 - aman@gmail.com
2026-10-01 22:24:13 - Staff login successful: 6327094778 - shahid@gmail.com
2026-10-02 10:12:25 - Staff login successful: 6327094778 - shahid@gmail.com
2026-10-02 10:27:52 - Staff created: 8619016958 - danish@gmail.com
2026-10-02 10:28:48 - Staff deleted: 8619016958
2026-10-02 10:46:23 - Staff login failed: shahid@gmail.com
2026-10-02 10:46:57 - Staff login successful: 6327094778 - shahid@gmail.com
2026-10-02 12:02:27 - Staff login successful: 6327094778 - shahid@gmail.com
2026-10-02 14:27:29 - Staff login successful: 6327094778 - shahid@gmail.com
2026-10-02 14:30:06 - Staff login successful: 6327094778 - shahid@gmail.com
2026-10-02 14:53:57 - Staff login successful: 6327094778 - shahid@gmail.com
2026-10-02 15:14:26 - Staff login successful: 6327094778 - shahid@gmail.com
2026-10-02 15:15:03 - Staff login failed: shahid
2026-10-02 15:15:20 - Staff login successful: 6327094778 - shahid@gmail.com
2026-10-02 15:18:04 - Staff login failed: shhaid@gmail.com
2026-10-02 15:18:18 - Staff login successful: 6327094778 - shahid@gmail.com
2026-10-02 17:55:30 - Staff login successful: 6327094778 - shahid@gmail.com
2026-10-02 21:08:45 - Staff created: 9437011712 - rahul@gmail.com
2026-10-02 21:09:53 - Staff updated: 9437011712
2026-10-02 21:11:56 - Staff deleted: 5956649572
2026-10-02 21:29:14 - Staff login successful: 6327094778 - shahid@gmail.com
2026-10-04 23:22:53 - Staff login successful: 6327094778 - shahid@gmail.com
2026-10-05 11:02:02 - Staff login failed: shhaid@gmail.com
2026-10-05 11:02:25 - Staff login successful: 6327094778 - shahid@gmail.com
2026-10-05 14:35:00 - Staff login successful: 6327094778 - shahid@gmail.com
2026-10-06 10:43:10 - Staff login successful: 6327094778 - shahid@gmail.com
2026-10-06 11:01:44 - Staff login successful: 6327094778 - shahid@gmail.com
2026-10-07 11:16:39 - Staff login successful: 9437011712 - samir@gmail.com
2026-10-07 11:19:45 - Staff login successful: 6327094778 - shahid@gmail.com
2026-10-07 11:26:30 - Staff login successful: 6327094778 - shahid@gmail.com
2026-10-07 11:30:43 - Staff login successful: 6327094778 - shahid@gmail.com
2026-10-07 12:31:46 - Staff login successful: 6327094778 - shahid@gmail.com
2026-10-07 14:10:43 - Staff login failed: samir@gmail.com
2026-10-07 14:10:59 - Staff login successful: 9437011712 - samir@gmail.com
