2026-09-30 13:03:51 - Table VIP-2 booked by shahid
2026-09-30 13:07:51 - Table VIP-1 booked by bhupesh
2026-09-30 13:33:02 - Booking cancelled for table VIP-1
2026-09-30 13:33:11 - Booking cancelled for table mideam-2
2026-10-01 10:43:30 - Table VIP-1 booked by danish
2026-10-01 10:43:56 - Booking cancelled for table VIP-1
2026-10-01 13:01:13 - New table added: VIP-2
2026-10-01 13:01:39 - New table added: MED-1
2026-10-01 22:28:02 - New table added: SML-1
2026-10-01 22:28:35 - New table added: VIP-3
2026-10-01 22:38:42 - New table added: VIP-1
2026-10-01 22:40:53 - New table added: MED-1
2026-10-02 10:21:38 - Table VIP-1 booked by shahid
2026-10-02 10:23:58 - Booking updated for table VIP-1
2026-10-02 17:58:15 - New table added: SML-1
2026-10-02 17:59:09 - Booking cancelled for table VIP-1
2026-10-02 17:59:57 - Table VIP-1 booked by shahid
2026-10-02 21:03:27 - New table added: VIP-2
2026-10-02 21:04:10 - Table VIP-2 booked by shahid
2026-10-02 21:06:32 - Booking updated for table VIP-1
2026-10-02 21:06:49 - Booking cancelled for table VIP-1
2026-10-02 21:07:09 - Booking cancelled for table VIP-2
2026-10-02 21:33:33 - Table VIP-1 booked by shahid
2026-10-02 21:34:37 - Booking updated for table VIP-1
2026-10-02 21:34:48 - Booking cancelled for table VIP-1
2026-10-05 12:31:30 - New table added: VIP-3
2026-10-05 12:32:58 - Table VIP-1 booked by shahid
2026-10-07 10:28:17 - Table MED-1 booked by danish
2026-10-07 10:29:02 - Booking cancelled for table MED-1
